// Vitest Snapshot v1, https://vitest.dev/guide/snapshot.html

exports[`Demo Component > should render the Demo component correctly 1`] = `
<div>
  <div
    class="_container_af1029"
  >
    <div
      class="_bigTitleStyle_af1029"
    >
      React Toast Lab
    </div>
    <div
      class="_paragraphContainer_af1029"
    >
      <h1
        class="_titleStyle_af1029"
      >
        About this Lab
      </h1>
      <div
        class="_infoSection_af1029"
      >
        <p
          class="_paragraphStyle_af1029"
        >
          This project is a small React lab created to experiment with a toast notification system implemented using an observer pattern, a dedicated toast service, and React's 
          <code>
            useSyncExternalStore
          </code>
           hook for subscribing components to the service's state.
        </p>
        <p
          class="_paragraphStyle_af1029"
        >
          Responsibilities are separated: 
          <code>
            ToastService
          </code>
           manages toast lifecycle and state,
           
          <code>
            AbstractObserver
          </code>
           provides subscribe/notify mechanics, and components access the service through
           
          <code>
            useToastService
          </code>
           and read state via 
          <code>
            useToastSelector
          </code>
          .
        </p>
      </div>
    </div>
    <div
      class="_paragraphContainer_af1029"
    >
      <h1
        class="_titleStyle_af1029"
      >
        Usage Example
      </h1>
      <div
        class="_infoSection_af1029"
      >
        <p
          class="_paragraphStyle_af1029"
        >
          Example of adding a toast from a component:
        </p>
        <div
          class="_infoSection_af1029"
        >
          <pre
            class="_paragraphStyle_af1029"
          >
            const toastService = useToastService();

return (
  &lt;section&gt;
    &lt;button
      type="button"
      onClick={() =&gt; {
        toastService.addToast('Notification message!');
      }}
    &gt;
      Add toast
    &lt;/button&gt;
  &lt;/section&gt;
);
          </pre>
        </div>
        <div
          class="_infoSection_af1029"
        >
          <p
            class="_paragraphStyle_af1029"
          >
            Live demo:
          </p>
          <section>
            <button
              type="button"
            >
              Show demo toast
            </button>
          </section>
        </div>
        <p
          class="_paragraphStyle_af1029"
        >
          Note: To access 
          <code>
            toastService
          </code>
           the component must be rendered inside the
           
          <code>
            ToastProvider
          </code>
           context. The provider exposes the service so 
          <code>
            useToastService()
          </code>
           can retrieve it.
        </p>
      </div>
    </div>
    <div
      class="_paragraphContainer_af1029"
    >
      <h1
        class="_titleStyle_af1029"
      >
        Key Files
      </h1>
      <div
        class="_infoSection_af1029"
      >
        <ul>
          <li
            class="_paragraphStyle_af1029"
          >
            src/toast/AbstractObserver/AbstractObserver.ts — observer base
          </li>
          <li
            class="_paragraphStyle_af1029"
          >
            src/toast/ToastService/ToastService.ts — toast management service
          </li>
          <li
            class="_paragraphStyle_af1029"
          >
            src/toast/useToast/useToastService.ts — hook to access the service
          </li>
          <li
            class="_paragraphStyle_af1029"
          >
            src/toast/useToastSelector/useToastSelector.ts — selector using useSyncExternalStore
          </li>
          <li
            class="_paragraphStyle_af1029"
          >
            src/toast/ToastProvider/ToastProvider.tsx — context provider and container
          </li>
        </ul>
      </div>
    </div>
  </div>
</div>
`;
